>>> add_integer = __import__('0-add_integer').add_integer
>>> add_integer(1, 2)
3
>>> add_integer(2.04, 5)
7
>>> add_integer('a', 2)
Traceback (most recent call last):
TypeError: a must be an integer
>>> add_integer(1, ["hi"])
Traceback (most recent call last):
TypeError: b must be an integer

