>>> say_my_name = __import__('3-say_my_name').say_my_name

>>> say_my_name("John", "Smith")
My name is John Smith
>>> say_my_name("Walter", "White")
My name is Walter White

Single argument prints only first name
>>> say_my_name("Bob") # doctest: +NORMALIZE_WHITESPACE
My name is Bob

If first name or last name not string, throw type error
>>> say_my_name(23, "White")
Traceback (most recent call last):
TypeError: first_name must be a string

>>> say_my_name("Walter", 23)
Traceback (most recent call last):
TypeError: last_name must be a string

