>>> print_square = __import__('4-print_square').print_square

>>> print_square(4)
####
####
####
####

>>> print_square(10)
##########
##########
##########
##########
##########
##########
##########
##########
##########
##########

>>> print_square(0)
<BLANKLINE>
>>> print_square(1)
#

Size must be greater than or equal to zero
>>> print_square(-12)
Traceback (most recent call last):
ValueError: size must be >= 0

Size must be int
>>> print_square("hi")
Traceback (most recent call last):
TypeError: size must be an integer

>>> print_square(9.39)
Traceback (most recent call last):
TypeError: size must be an integer
